// Jest Snapshot v1, https://goo.gl/fbAQLP

exports[`preprocess 1`] = `
"
<h1>Rich Man</h1>
"
`;
